Tue Sep 15 17:54:20 UTC 2026
Training baseline_fl, small, seed=42, split=stratified
  Round  1/20 | A-F1=0.289 | B-F1=0.314 | A-worst=0.000 | B-worst=0.000 | (54.8s)
  Round  2/20 | A-F1=0.389 | B-F1=0.339 | A-worst=0.002 | B-worst=0.001 | (54.5s)
  Round  3/20 | A-F1=0.497 | B-F1=0.352 | A-worst=0.025 | B-worst=0.007 | (54.6s)
  Round  4/20 | A-F1=0.529 | B-F1=0.411 | A-worst=0.044 | B-worst=0.038 | (54.6s)
  Round  5/20 | A-F1=0.620 | B-F1=0.415 | A-worst=0.082 | B-worst=0.069 | (54.8s)
  Round  6/20 | A-F1=0.526 | B-F1=0.417 | A-worst=0.011 | B-worst=0.054 | (54.6s)
  Round  7/20 | A-F1=0.540 | B-F1=0.473 | A-worst=0.032 | B-worst=0.042 | (54.5s)
  Round  8/20 | A-F1=0.585 | B-F1=0.462 | A-worst=0.083 | B-worst=0.023 | (54.4s)
  Round  9/20 | A-F1=0.591 | B-F1=0.464 | A-worst=0.083 | B-worst=0.037 | (54.5s)
  Round 10/20 | A-F1=0.581 | B-F1=0.458 | A-worst=0.081 | B-worst=0.013 | (54.7s)
  Round 11/20 | A-F1=0.592 | B-F1=0.467 | A-worst=0.110 | B-worst=0.032 | (54.5s)
  Round 12/20 | A-F1=0.590 | B-F1=0.482 | A-worst=0.101 | B-worst=0.028 | (54.7s)
  Round 13/20 | A-F1=0.576 | B-F1=0.497 | A-worst=0.099 | B-worst=0.031 | (54.5s)
  Round 14/20 | A-F1=0.564 | B-F1=0.504 | A-worst=0.101 | B-worst=0.026 | (54.6s)
  Round 15/20 | A-F1=0.548 | B-F1=0.442 | A-worst=0.139 | B-worst=0.026 | (54.7s)
  Round 16/20 | A-F1=0.594 | B-F1=0.501 | A-worst=0.138 | B-worst=0.042 | (54.5s)
  Round 17/20 | A-F1=0.537 | B-F1=0.500 | A-worst=0.028 | B-worst=0.052 | (54.7s)
  Round 18/20 | A-F1=0.533 | B-F1=0.529 | A-worst=0.028 | B-worst=0.045 | (54.5s)
  Round 19/20 | A-F1=0.553 | B-F1=0.529 | A-worst=0.024 | B-worst=0.053 | (54.5s)
  Round 20/20 | A-F1=0.541 | B-F1=0.516 | A-worst=0.031 | B-worst=0.058 | (54.7s)
Saved runs/runtime_isolated/baseline_16/seed_42/baseline_fl.json
Training fs_mild, small, seed=42, split=stratified
  Round  1/20 | A-F1=0.324 | B-F1=0.314 | A-worst=0.000 | B-worst=0.000 | (54.8s)
  Round  2/20 | A-F1=0.379 | B-F1=0.423 | A-worst=0.000 | B-worst=0.001 | (55.0s)
  Round  3/20 | A-F1=0.608 | B-F1=0.423 | A-worst=0.096 | B-worst=0.018 | (54.7s)
  Round  4/20 | A-F1=0.607 | B-F1=0.485 | A-worst=0.175 | B-worst=0.109 | (54.6s)
  Round  5/20 | A-F1=0.638 | B-F1=0.460 | A-worst=0.197 | B-worst=0.060 | (54.5s)
  Round  6/20 | A-F1=0.650 | B-F1=0.454 | A-worst=0.289 | B-worst=0.036 | (54.8s)
  Round  7/20 | A-F1=0.642 | B-F1=0.445 | A-worst=0.292 | B-worst=0.018 | (55.0s)
  Round  8/20 | A-F1=0.618 | B-F1=0.450 | A-worst=0.221 | B-worst=0.027 | (54.5s)
  Round  9/20 | A-F1=0.638 | B-F1=0.485 | A-worst=0.295 | B-worst=0.009 | (54.7s)
  Round 10/20 | A-F1=0.635 | B-F1=0.500 | A-worst=0.270 | B-worst=0.026 | (54.5s)
  Round 11/20 | A-F1=0.644 | B-F1=0.501 | A-worst=0.302 | B-worst=0.012 | (54.6s)
  Round 12/20 | A-F1=0.671 | B-F1=0.507 | A-worst=0.341 | B-worst=0.020 | (54.8s)
  Round 13/20 | A-F1=0.686 | B-F1=0.521 | A-worst=0.311 | B-worst=0.033 | (54.7s)
  Round 14/20 | A-F1=0.679 | B-F1=0.520 | A-worst=0.304 | B-worst=0.032 | (54.9s)
  Round 15/20 | A-F1=0.675 | B-F1=0.503 | A-worst=0.261 | B-worst=0.017 | (54.7s)
  Round 16/20 | A-F1=0.685 | B-F1=0.509 | A-worst=0.311 | B-worst=0.016 | (55.0s)
  Round 17/20 | A-F1=0.689 | B-F1=0.521 | A-worst=0.330 | B-worst=0.021 | (54.7s)
  Round 18/20 | A-F1=0.708 | B-F1=0.528 | A-worst=0.420 | B-worst=0.024 | (54.7s)
  Round 19/20 | A-F1=0.681 | B-F1=0.528 | A-worst=0.236 | B-worst=0.013 | (54.7s)
  Round 20/20 | A-F1=0.706 | B-F1=0.544 | A-worst=0.356 | B-worst=0.034 | (54.7s)
Saved runs/runtime_isolated/baseline_16/seed_42/fs_mild.json
Training fs_aggressive, small, seed=42, split=stratified
  Round  1/20 | A-F1=0.301 | B-F1=0.213 | A-worst=0.000 | B-worst=0.005 | (55.0s)
  Round  2/20 | A-F1=0.528 | B-F1=0.400 | A-worst=0.017 | B-worst=0.022 | (54.7s)
  Round  3/20 | A-F1=0.611 | B-F1=0.392 | A-worst=0.009 | B-worst=0.008 | (54.9s)
  Round  4/20 | A-F1=0.589 | B-F1=0.379 | A-worst=0.015 | B-worst=0.000 | (55.0s)
  Round  5/20 | A-F1=0.530 | B-F1=0.406 | A-worst=0.021 | B-worst=0.009 | (54.6s)
  Round  6/20 | A-F1=0.520 | B-F1=0.408 | A-worst=0.032 | B-worst=0.003 | (54.9s)
  Round  7/20 | A-F1=0.521 | B-F1=0.405 | A-worst=0.024 | B-worst=0.001 | (54.7s)
  Round  8/20 | A-F1=0.533 | B-F1=0.458 | A-worst=0.024 | B-worst=0.003 | (54.7s)
  Round  9/20 | A-F1=0.534 | B-F1=0.450 | A-worst=0.035 | B-worst=0.006 | (54.7s)
  Round 10/20 | A-F1=0.544 | B-F1=0.460 | A-worst=0.030 | B-worst=0.003 | (54.6s)
  Round 11/20 | A-F1=0.572 | B-F1=0.463 | A-worst=0.078 | B-worst=0.004 | (54.8s)
  Round 12/20 | A-F1=0.563 | B-F1=0.459 | A-worst=0.102 | B-worst=0.019 | (54.7s)
  Round 13/20 | A-F1=0.553 | B-F1=0.471 | A-worst=0.087 | B-worst=0.017 | (55.0s)
  Round 14/20 | A-F1=0.549 | B-F1=0.424 | A-worst=0.109 | B-worst=0.025 | (54.7s)
  Round 15/20 | A-F1=0.554 | B-F1=0.446 | A-worst=0.115 | B-worst=0.013 | (54.8s)
  Round 16/20 | A-F1=0.582 | B-F1=0.458 | A-worst=0.198 | B-worst=0.056 | (54.8s)
  Round 17/20 | A-F1=0.586 | B-F1=0.445 | A-worst=0.207 | B-worst=0.023 | (54.6s)
  Round 18/20 | A-F1=0.667 | B-F1=0.448 | A-worst=0.148 | B-worst=0.053 | (54.9s)
  Round 19/20 | A-F1=0.687 | B-F1=0.446 | A-worst=0.252 | B-worst=0.032 | (54.3s)
  Round 20/20 | A-F1=0.681 | B-F1=0.528 | A-worst=0.264 | B-worst=0.123 | (54.3s)
Saved runs/runtime_isolated/baseline_16/seed_42/fs_aggressive.json
Training dp_sgd, small, seed=42, split=stratified
/opt/residential-venv/lib/python3.11/site-packages/opacus/privacy_engine.py:96: UserWarning: Secure RNG turned off. This is perfectly fine for experimentation as it allows for much faster training performance, but remember to turn it on and retrain one last time before production with ``secure_mode`` turned on.
  warnings.warn(
/workspace/residential-experiment/fl_pipeline/train.py:30: UserWarning: Full backward hook is firing when gradients are computed with respect to module outputs since no inputs require gradients. See https://docs.pytorch.org/docs/main/generated/torch.nn.Module.html#torch.nn.Module.register_full_backward_hook for more details.
  loss.backward()
  Round  1/20 | A-F1=0.289 | B-F1=0.308 | A-worst=0.000 | B-worst=0.000 | (184.2s)
/opt/residential-venv/lib/python3.11/site-packages/opacus/privacy_engine.py:96: UserWarning: Secure RNG turned off. This is perfectly fine for experimentation as it allows for much faster training performance, but remember to turn it on and retrain one last time before production with ``secure_mode`` turned on.
  warnings.warn(
/workspace/residential-experiment/fl_pipeline/train.py:30: UserWarning: Full backward hook is firing when gradients are computed with respect to module outputs since no inputs require gradients. See https://docs.pytorch.org/docs/main/generated/torch.nn.Module.html#torch.nn.Module.register_full_backward_hook for more details.
  loss.backward()
  Round  2/20 | A-F1=0.515 | B-F1=0.318 | A-worst=0.000 | B-worst=0.000 | (185.0s)
/opt/residential-venv/lib/python3.11/site-packages/opacus/privacy_engine.py:96: UserWarning: Secure RNG turned off. This is perfectly fine for experimentation as it allows for much faster training performance, but remember to turn it on and retrain one last time before production with ``secure_mode`` turned on.
  warnings.warn(
/workspace/residential-experiment/fl_pipeline/train.py:30: UserWarning: Full backward hook is firing when gradients are computed with respect to module outputs since no inputs require gradients. See https://docs.pytorch.org/docs/main/generated/torch.nn.Module.html#torch.nn.Module.register_full_backward_hook for more details.
  loss.backward()
  Round  3/20 | A-F1=0.533 | B-F1=0.317 | A-worst=0.000 | B-worst=0.000 | (182.7s)
/opt/residential-venv/lib/python3.11/site-packages/opacus/privacy_engine.py:96: UserWarning: Secure RNG turned off. This is perfectly fine for experimentation as it allows for much faster training performance, but remember to turn it on and retrain one last time before production with ``secure_mode`` turned on.
  warnings.warn(
/workspace/residential-experiment/fl_pipeline/train.py:30: UserWarning: Full backward hook is firing when gradients are computed with respect to module outputs since no inputs require gradients. See https://docs.pytorch.org/docs/main/generated/torch.nn.Module.html#torch.nn.Module.register_full_backward_hook for more details.
  loss.backward()
  Round  4/20 | A-F1=0.606 | B-F1=0.318 | A-worst=0.000 | B-worst=0.000 | (183.1s)
/opt/residential-venv/lib/python3.11/site-packages/opacus/privacy_engine.py:96: UserWarning: Secure RNG turned off. This is perfectly fine for experimentation as it allows for much faster training performance, but remember to turn it on and retrain one last time before production with ``secure_mode`` turned on.
  warnings.warn(
/workspace/residential-experiment/fl_pipeline/train.py:30: UserWarning: Full backward hook is firing when gradients are computed with respect to module outputs since no inputs require gradients. See https://docs.pytorch.org/docs/main/generated/torch.nn.Module.html#torch.nn.Module.register_full_backward_hook for more details.
  loss.backward()
  Round  5/20 | A-F1=0.577 | B-F1=0.318 | A-worst=0.000 | B-worst=0.000 | (184.7s)
/opt/residential-venv/lib/python3.11/site-packages/opacus/privacy_engine.py:96: UserWarning: Secure RNG turned off. This is perfectly fine for experimentation as it allows for much faster training performance, but remember to turn it on and retrain one last time before production with ``secure_mode`` turned on.
  warnings.warn(
/workspace/residential-experiment/fl_pipeline/train.py:30: UserWarning: Full backward hook is firing when gradients are computed with respect to module outputs since no inputs require gradients. See https://docs.pytorch.org/docs/main/generated/torch.nn.Module.html#torch.nn.Module.register_full_backward_hook for more details.
  loss.backward()
  Round  6/20 | A-F1=0.543 | B-F1=0.319 | A-worst=0.000 | B-worst=0.000 | (184.6s)
/opt/residential-venv/lib/python3.11/site-packages/opacus/privacy_engine.py:96: UserWarning: Secure RNG turned off. This is perfectly fine for experimentation as it allows for much faster training performance, but remember to turn it on and retrain one last time before production with ``secure_mode`` turned on.
  warnings.warn(
/workspace/residential-experiment/fl_pipeline/train.py:30: UserWarning: Full backward hook is firing when gradients are computed with respect to module outputs since no inputs require gradients. See https://docs.pytorch.org/docs/main/generated/torch.nn.Module.html#torch.nn.Module.register_full_backward_hook for more details.
  loss.backward()
  Round  7/20 | A-F1=0.571 | B-F1=0.324 | A-worst=0.000 | B-worst=0.000 | (184.5s)
/opt/residential-venv/lib/python3.11/site-packages/opacus/privacy_engine.py:96: UserWarning: Secure RNG turned off. This is perfectly fine for experimentation as it allows for much faster training performance, but remember to turn it on and retrain one last time before production with ``secure_mode`` turned on.
  warnings.warn(
/workspace/residential-experiment/fl_pipeline/train.py:30: UserWarning: Full backward hook is firing when gradients are computed with respect to module outputs since no inputs require gradients. See https://docs.pytorch.org/docs/main/generated/torch.nn.Module.html#torch.nn.Module.register_full_backward_hook for more details.
  loss.backward()
  Round  8/20 | A-F1=0.586 | B-F1=0.332 | A-worst=0.079 | B-worst=0.000 | (184.7s)
/opt/residential-venv/lib/python3.11/site-packages/opacus/privacy_engine.py:96: UserWarning: Secure RNG turned off. This is perfectly fine for experimentation as it allows for much faster training performance, but remember to turn it on and retrain one last time before production with ``secure_mode`` turned on.
  warnings.warn(
/workspace/residential-experiment/fl_pipeline/train.py:30: UserWarning: Full backward hook is firing when gradients are computed with respect to module outputs since no inputs require gradients. See https://docs.pytorch.org/docs/main/generated/torch.nn.Module.html#torch.nn.Module.register_full_backward_hook for more details.
  loss.backward()
  Round  9/20 | A-F1=0.575 | B-F1=0.353 | A-worst=0.079 | B-worst=0.000 | (184.6s)
/opt/residential-venv/lib/python3.11/site-packages/opacus/privacy_engine.py:96: UserWarning: Secure RNG turned off. This is perfectly fine for experimentation as it allows for much faster training performance, but remember to turn it on and retrain one last time before production with ``secure_mode`` turned on.
  warnings.warn(
/workspace/residential-experiment/fl_pipeline/train.py:30: UserWarning: Full backward hook is firing when gradients are computed with respect to module outputs since no inputs require gradients. See https://docs.pytorch.org/docs/main/generated/torch.nn.Module.html#torch.nn.Module.register_full_backward_hook for more details.
  loss.backward()
  Round 10/20 | A-F1=0.577 | B-F1=0.349 | A-worst=0.079 | B-worst=0.000 | (183.2s)
/opt/residential-venv/lib/python3.11/site-packages/opacus/privacy_engine.py:96: UserWarning: Secure RNG turned off. This is perfectly fine for experimentation as it allows for much faster training performance, but remember to turn it on and retrain one last time before production with ``secure_mode`` turned on.
  warnings.warn(
/workspace/residential-experiment/fl_pipeline/train.py:30: UserWarning: Full backward hook is firing when gradients are computed with respect to module outputs since no inputs require gradients. See https://docs.pytorch.org/docs/main/generated/torch.nn.Module.html#torch.nn.Module.register_full_backward_hook for more details.
  loss.backward()
  Round 11/20 | A-F1=0.589 | B-F1=0.350 | A-worst=0.081 | B-worst=0.000 | (184.9s)
/opt/residential-venv/lib/python3.11/site-packages/opacus/privacy_engine.py:96: UserWarning: Secure RNG turned off. This is perfectly fine for experimentation as it allows for much faster training performance, but remember to turn it on and retrain one last time before production with ``secure_mode`` turned on.
  warnings.warn(
/workspace/residential-experiment/fl_pipeline/train.py:30: UserWarning: Full backward hook is firing when gradients are computed with respect to module outputs since no inputs require gradients. See https://docs.pytorch.org/docs/main/generated/torch.nn.Module.html#torch.nn.Module.register_full_backward_hook for more details.
  loss.backward()
  Round 12/20 | A-F1=0.586 | B-F1=0.396 | A-worst=0.081 | B-worst=0.000 | (184.9s)
/opt/residential-venv/lib/python3.11/site-packages/opacus/privacy_engine.py:96: UserWarning: Secure RNG turned off. This is perfectly fine for experimentation as it allows for much faster training performance, but remember to turn it on and retrain one last time before production with ``secure_mode`` turned on.
  warnings.warn(
/workspace/residential-experiment/fl_pipeline/train.py:30: UserWarning: Full backward hook is firing when gradients are computed with respect to module outputs since no inputs require gradients. See https://docs.pytorch.org/docs/main/generated/torch.nn.Module.html#torch.nn.Module.register_full_backward_hook for more details.
  loss.backward()
  Round 13/20 | A-F1=0.633 | B-F1=0.419 | A-worst=0.081 | B-worst=0.000 | (184.6s)
/opt/residential-venv/lib/python3.11/site-packages/opacus/privacy_engine.py:96: UserWarning: Secure RNG turned off. This is perfectly fine for experimentation as it allows for much faster training performance, but remember to turn it on and retrain one last time before production with ``secure_mode`` turned on.
  warnings.warn(
/workspace/residential-experiment/fl_pipeline/train.py:30: UserWarning: Full backward hook is firing when gradients are computed with respect to module outputs since no inputs require gradients. See https://docs.pytorch.org/docs/main/generated/torch.nn.Module.html#torch.nn.Module.register_full_backward_hook for more details.
  loss.backward()
  Round 14/20 | A-F1=0.632 | B-F1=0.412 | A-worst=0.083 | B-worst=0.000 | (185.4s)
/opt/residential-venv/lib/python3.11/site-packages/opacus/privacy_engine.py:96: UserWarning: Secure RNG turned off. This is perfectly fine for experimentation as it allows for much faster training performance, but remember to turn it on and retrain one last time before production with ``secure_mode`` turned on.
  warnings.warn(
/workspace/residential-experiment/fl_pipeline/train.py:30: UserWarning: Full backward hook is firing when gradients are computed with respect to module outputs since no inputs require gradients. See https://docs.pytorch.org/docs/main/generated/torch.nn.Module.html#torch.nn.Module.register_full_backward_hook for more details.
  loss.backward()
  Round 15/20 | A-F1=0.595 | B-F1=0.404 | A-worst=0.081 | B-worst=0.000 | (185.2s)
/opt/residential-venv/lib/python3.11/site-packages/opacus/privacy_engine.py:96: UserWarning: Secure RNG turned off. This is perfectly fine for experimentation as it allows for much faster training performance, but remember to turn it on and retrain one last time before production with ``secure_mode`` turned on.
  warnings.warn(
/workspace/residential-experiment/fl_pipeline/train.py:30: UserWarning: Full backward hook is firing when gradients are computed with respect to module outputs since no inputs require gradients. See https://docs.pytorch.org/docs/main/generated/torch.nn.Module.html#torch.nn.Module.register_full_backward_hook for more details.
  loss.backward()
  Round 16/20 | A-F1=0.592 | B-F1=0.346 | A-worst=0.080 | B-worst=0.000 | (184.4s)
/opt/residential-venv/lib/python3.11/site-packages/opacus/privacy_engine.py:96: UserWarning: Secure RNG turned off. This is perfectly fine for experimentation as it allows for much faster training performance, but remember to turn it on and retrain one last time before production with ``secure_mode`` turned on.
  warnings.warn(
/workspace/residential-experiment/fl_pipeline/train.py:30: UserWarning: Full backward hook is firing when gradients are computed with respect to module outputs since no inputs require gradients. See https://docs.pytorch.org/docs/main/generated/torch.nn.Module.html#torch.nn.Module.register_full_backward_hook for more details.
  loss.backward()
  Round 17/20 | A-F1=0.599 | B-F1=0.355 | A-worst=0.080 | B-worst=0.000 | (184.8s)
/opt/residential-venv/lib/python3.11/site-packages/opacus/privacy_engine.py:96: UserWarning: Secure RNG turned off. This is perfectly fine for experimentation as it allows for much faster training performance, but remember to turn it on and retrain one last time before production with ``secure_mode`` turned on.
  warnings.warn(
/workspace/residential-experiment/fl_pipeline/train.py:30: UserWarning: Full backward hook is firing when gradients are computed with respect to module outputs since no inputs require gradients. See https://docs.pytorch.org/docs/main/generated/torch.nn.Module.html#torch.nn.Module.register_full_backward_hook for more details.
  loss.backward()
  Round 18/20 | A-F1=0.638 | B-F1=0.340 | A-worst=0.081 | B-worst=0.000 | (184.9s)
/opt/residential-venv/lib/python3.11/site-packages/opacus/privacy_engine.py:96: UserWarning: Secure RNG turned off. This is perfectly fine for experimentation as it allows for much faster training performance, but remember to turn it on and retrain one last time before production with ``secure_mode`` turned on.
  warnings.warn(
/workspace/residential-experiment/fl_pipeline/train.py:30: UserWarning: Full backward hook is firing when gradients are computed with respect to module outputs since no inputs require gradients. See https://docs.pytorch.org/docs/main/generated/torch.nn.Module.html#torch.nn.Module.register_full_backward_hook for more details.
  loss.backward()
  Round 19/20 | A-F1=0.595 | B-F1=0.366 | A-worst=0.081 | B-worst=0.004 | (185.4s)
/opt/residential-venv/lib/python3.11/site-packages/opacus/privacy_engine.py:96: UserWarning: Secure RNG turned off. This is perfectly fine for experimentation as it allows for much faster training performance, but remember to turn it on and retrain one last time before production with ``secure_mode`` turned on.
  warnings.warn(
/workspace/residential-experiment/fl_pipeline/train.py:30: UserWarning: Full backward hook is firing when gradients are computed with respect to module outputs since no inputs require gradients. See https://docs.pytorch.org/docs/main/generated/torch.nn.Module.html#torch.nn.Module.register_full_backward_hook for more details.
  loss.backward()
  Round 20/20 | A-F1=0.597 | B-F1=0.381 | A-worst=0.084 | B-worst=0.003 | (185.2s)
Saved runs/runtime_isolated/baseline_16/seed_42/dp_sgd.json
Training feddpa, small, seed=42, split=stratified
  Round  1/20 | A-F1=0.604 | B-F1=0.318 | A-worst=0.000 | B-worst=0.000 | (124.2s)
  Round  2/20 | A-F1=0.594 | B-F1=0.424 | A-worst=0.217 | B-worst=0.033 | (124.6s)
  Round  3/20 | A-F1=0.578 | B-F1=0.374 | A-worst=0.125 | B-worst=0.020 | (124.6s)
  Round  4/20 | A-F1=0.479 | B-F1=0.352 | A-worst=0.000 | B-worst=0.006 | (124.5s)
  Round  5/20 | A-F1=0.587 | B-F1=0.409 | A-worst=0.170 | B-worst=0.084 | (123.8s)
  Round  6/20 | A-F1=0.499 | B-F1=0.383 | A-worst=0.009 | B-worst=0.031 | (124.1s)
  Round  7/20 | A-F1=0.525 | B-F1=0.401 | A-worst=0.043 | B-worst=0.029 | (124.2s)
  Round  8/20 | A-F1=0.576 | B-F1=0.417 | A-worst=0.085 | B-worst=0.004 | (124.6s)
  Round  9/20 | A-F1=0.545 | B-F1=0.352 | A-worst=0.146 | B-worst=0.005 | (124.4s)
  Round 10/20 | A-F1=0.470 | B-F1=0.405 | A-worst=0.074 | B-worst=0.014 | (124.3s)
  Round 11/20 | A-F1=0.541 | B-F1=0.430 | A-worst=0.109 | B-worst=0.113 | (124.0s)
  Round 12/20 | A-F1=0.489 | B-F1=0.402 | A-worst=0.053 | B-worst=0.008 | (124.4s)
  Round 13/20 | A-F1=0.551 | B-F1=0.378 | A-worst=0.094 | B-worst=0.008 | (124.5s)
  Round 14/20 | A-F1=0.513 | B-F1=0.385 | A-worst=0.040 | B-worst=0.000 | (124.3s)
  Round 15/20 | A-F1=0.529 | B-F1=0.400 | A-worst=0.071 | B-worst=0.006 | (123.7s)
  Round 16/20 | A-F1=0.507 | B-F1=0.332 | A-worst=0.104 | B-worst=0.000 | (124.2s)
  Round 17/20 | A-F1=0.491 | B-F1=0.353 | A-worst=0.056 | B-worst=0.000 | (124.4s)
  Round 18/20 | A-F1=0.548 | B-F1=0.337 | A-worst=0.144 | B-worst=0.005 | (124.7s)
  Round 19/20 | A-F1=0.453 | B-F1=0.348 | A-worst=0.054 | B-worst=0.000 | (124.5s)
  Round 20/20 | A-F1=0.508 | B-F1=0.314 | A-worst=0.052 | B-worst=0.000 | (124.6s)
Saved runs/runtime_isolated/baseline_16/seed_42/feddpa.json
Tue Sep 15 20:32:21 UTC 2026
